> Task :sagan-renderer:compileJava UP-TO-DATE
> Task :sagan-renderer:processResources UP-TO-DATE
> Task :sagan-renderer:classes UP-TO-DATE
> Task :sagan-renderer:compileTestJava UP-TO-DATE
> Task :sagan-renderer:processTestResources UP-TO-DATE
> Task :sagan-renderer:testClasses UP-TO-DATE
OpenJDK 64-Bit Server VM warning: Sharing is only supported for boot loader classes because bootstrap classpath has been appended

> Task :sagan-renderer:test

GuidesControllerTests > fetchAllGuides() FAILED
    java.lang.AssertionError at GuidesControllerTests.java:66

GuidesControllerTests > fetchAllGuidesFiltersUnknownTypes() FAILED
    java.lang.AssertionError at GuidesControllerTests.java:92

6 tests completed, 2 failed

> Task :sagan-renderer:test FAILED

[Incubating] Problems report is available at: file:///home/user/sagan/build/reports/problems/problems-report.html

FAILURE: Build failed with an exception.

* What went wrong:
Execution failed for task ':sagan-renderer:test'.
> There were failing tests. See the report at: file:///home/user/sagan/sagan-renderer/build/reports/tests/test/index.html

* Try:
> Run with --scan to get full insights.

Deprecated Gradle features were used in this build, making it incompatible with Gradle 9.0.

You can use '--warning-mode all' to show the individual deprecation warnings and determine if they come from your own scripts or plugins.

For more on this, please refer to https://docs.gradle.org/8.12/userguide/command_line_interface.html#sec:command_line_warnings in the Gradle documentation.

BUILD FAILED in 9s
5 actionable tasks: 1 executed, 4 up-to-date
